﻿G:\repos\DarkMatrixSaver\src\MatrixScreensaver.ConfigEditor\MainWindow.xaml.cs(120,6): error CS1519: Jeton ┬½┬á,┬á┬╗ non valide dans une d├®claration de membre [G:\repos\DarkMatrixSaver\src\MatrixScreensaver.ConfigEditor\MatrixScreensaver.ConfigEditor.csproj]
G:\repos\DarkMatrixSaver\src\MatrixScreensaver.ConfigEditor\MainWindow.xaml.cs(121,20): error CS1519: Jeton ┬½┬á=┬á┬╗ non valide dans une d├®claration de membre [G:\repos\DarkMatrixSaver\src\MatrixScreensaver.ConfigEditor\MatrixScreensaver.ConfigEditor.csproj]
G:\repos\DarkMatrixSaver\src\MatrixScreensaver.ConfigEditor\MainWindow.xaml.cs(121,39): error CS1001: Identificateur attendu [G:\repos\DarkMatrixSaver\src\MatrixScreensaver.ConfigEditor\MatrixScreensaver.ConfigEditor.csproj]
G:\repos\DarkMatrixSaver\src\MatrixScreensaver.ConfigEditor\MainWindow.xaml.cs(123,17): error CS1014: Accesseur get ou set attendu [G:\repos\DarkMatrixSaver\src\MatrixScreensaver.ConfigEditor\MatrixScreensaver.ConfigEditor.csproj]
G:\repos\DarkMatrixSaver\src\MatrixScreensaver.ConfigEditor\MainWindow.xaml.cs(123,28): error CS1014: Accesseur get ou set attendu [G:\repos\DarkMatrixSaver\src\MatrixScreensaver.ConfigEditor\MatrixScreensaver.ConfigEditor.csproj]
G:\repos\DarkMatrixSaver\src\MatrixScreensaver.ConfigEditor\MainWindow.xaml.cs(124,17): error CS1014: Accesseur get ou set attendu [G:\repos\DarkMatrixSaver\src\MatrixScreensaver.ConfigEditor\MatrixScreensaver.ConfigEditor.csproj]
G:\repos\DarkMatrixSaver\src\MatrixScreensaver.ConfigEditor\MainWindow.xaml.cs(124,27): error CS1014: Accesseur get ou set attendu [G:\repos\DarkMatrixSaver\src\MatrixScreensaver.ConfigEditor\MatrixScreensaver.ConfigEditor.csproj]
G:\repos\DarkMatrixSaver\src\MatrixScreensaver.ConfigEditor\MainWindow.xaml.cs(125,17): error CS1014: Accesseur get ou set attendu [G:\repos\DarkMatrixSaver\src\MatrixScreensaver.ConfigEditor\MatrixScreensaver.ConfigEditor.csproj]
G:\repos\DarkMatrixSaver\src\MatrixScreensaver.ConfigEditor\MainWindow.xaml.cs(125,29): error CS1014: Accesseur get ou set attendu [G:\repos\DarkMatrixSaver\src\MatrixScreensaver.ConfigEditor\MatrixScreensaver.ConfigEditor.csproj]
G:\repos\DarkMatrixSaver\src\MatrixScreensaver.ConfigEditor\MainWindow.xaml.cs(126,17): error CS1014: Accesseur get ou set attendu [G:\repos\DarkMatrixSaver\src\MatrixScreensaver.ConfigEditor\MatrixScreensaver.ConfigEditor.csproj]
G:\repos\DarkMatrixSaver\src\MatrixScreensaver.ConfigEditor\MainWindow.xaml.cs(126,26): error CS1014: Accesseur get ou set attendu [G:\repos\DarkMatrixSaver\src\MatrixScreensaver.ConfigEditor\MatrixScreensaver.ConfigEditor.csproj]
G:\repos\DarkMatrixSaver\src\MatrixScreensaver.ConfigEditor\MainWindow.xaml.cs(127,17): error CS1014: Accesseur get ou set attendu [G:\repos\DarkMatrixSaver\src\MatrixScreensaver.ConfigEditor\MatrixScreensaver.ConfigEditor.csproj]
G:\repos\DarkMatrixSaver\src\MatrixScreensaver.ConfigEditor\MainWindow.xaml.cs(127,23): error CS1014: Accesseur get ou set attendu [G:\repos\DarkMatrixSaver\src\MatrixScreensaver.ConfigEditor\MatrixScreensaver.ConfigEditor.csproj]
G:\repos\DarkMatrixSaver\src\MatrixScreensaver.ConfigEditor\MainWindow.xaml.cs(128,17): error CS1014: Accesseur get ou set attendu [G:\repos\DarkMatrixSaver\src\MatrixScreensaver.ConfigEditor\MatrixScreensaver.ConfigEditor.csproj]
G:\repos\DarkMatrixSaver\src\MatrixScreensaver.ConfigEditor\MainWindow.xaml.cs(128,25): error CS1014: Accesseur get ou set attendu [G:\repos\DarkMatrixSaver\src\MatrixScreensaver.ConfigEditor\MatrixScreensaver.ConfigEditor.csproj]
G:\repos\DarkMatrixSaver\src\MatrixScreensaver.ConfigEditor\MainWindow.xaml.cs(129,17): error CS1014: Accesseur get ou set attendu [G:\repos\DarkMatrixSaver\src\MatrixScreensaver.ConfigEditor\MatrixScreensaver.ConfigEditor.csproj]
G:\repos\DarkMatrixSaver\src\MatrixScreensaver.ConfigEditor\MainWindow.xaml.cs(129,33): error CS1014: Accesseur get ou set attendu [G:\repos\DarkMatrixSaver\src\MatrixScreensaver.ConfigEditor\MatrixScreensaver.ConfigEditor.csproj]
G:\repos\DarkMatrixSaver\src\MatrixScreensaver.ConfigEditor\MainWindow.xaml.cs(130,17): error CS1014: Accesseur get ou set attendu [G:\repos\DarkMatrixSaver\src\MatrixScreensaver.ConfigEditor\MatrixScreensaver.ConfigEditor.csproj]
G:\repos\DarkMatrixSaver\src\MatrixScreensaver.ConfigEditor\MainWindow.xaml.cs(130,29): error CS1014: Accesseur get ou set attendu [G:\repos\DarkMatrixSaver\src\MatrixScreensaver.ConfigEditor\MatrixScreensaver.ConfigEditor.csproj]
G:\repos\DarkMatrixSaver\src\MatrixScreensaver.ConfigEditor\MainWindow.xaml.cs(131,17): error CS1014: Accesseur get ou set attendu [G:\repos\DarkMatrixSaver\src\MatrixScreensaver.ConfigEditor\MatrixScreensaver.ConfigEditor.csproj]
G:\repos\DarkMatrixSaver\src\MatrixScreensaver.ConfigEditor\MainWindow.xaml.cs(131,28): error CS1014: Accesseur get ou set attendu [G:\repos\DarkMatrixSaver\src\MatrixScreensaver.ConfigEditor\MatrixScreensaver.ConfigEditor.csproj]
G:\repos\DarkMatrixSaver\src\MatrixScreensaver.ConfigEditor\MainWindow.xaml.cs(132,17): error CS1014: Accesseur get ou set attendu [G:\repos\DarkMatrixSaver\src\MatrixScreensaver.ConfigEditor\MatrixScreensaver.ConfigEditor.csproj]
G:\repos\DarkMatrixSaver\src\MatrixScreensaver.ConfigEditor\MainWindow.xaml.cs(132,26): error CS1014: Accesseur get ou set attendu [G:\repos\DarkMatrixSaver\src\MatrixScreensaver.ConfigEditor\MatrixScreensaver.ConfigEditor.csproj]
G:\repos\DarkMatrixSaver\src\MatrixScreensaver.ConfigEditor\MainWindow.xaml.cs(133,14): error CS1519: Jeton ┬½┬á,┬á┬╗ non valide dans une d├®claration de membre [G:\repos\DarkMatrixSaver\src\MatrixScreensaver.ConfigEditor\MatrixScreensaver.ConfigEditor.csproj]
G:\repos\DarkMatrixSaver\src\MatrixScreensaver.ConfigEditor\MainWindow.xaml.cs(134,21): error CS1519: Jeton ┬½┬á=┬á┬╗ non valide dans une d├®claration de membre [G:\repos\DarkMatrixSaver\src\MatrixScreensaver.ConfigEditor\MatrixScreensaver.ConfigEditor.csproj]
G:\repos\DarkMatrixSaver\src\MatrixScreensaver.ConfigEditor\MainWindow.xaml.cs(134,41): error CS1001: Identificateur attendu [G:\repos\DarkMatrixSaver\src\MatrixScreensaver.ConfigEditor\MatrixScreensaver.ConfigEditor.csproj]
G:\repos\DarkMatrixSaver\src\MatrixScreensaver.ConfigEditor\MainWindow.xaml.cs(136,17): error CS1014: Accesseur get ou set attendu [G:\repos\DarkMatrixSaver\src\MatrixScreensaver.ConfigEditor\MatrixScreensaver.ConfigEditor.csproj]
G:\repos\DarkMatrixSaver\src\MatrixScreensaver.ConfigEditor\MainWindow.xaml.cs(136,22): error CS1014: Accesseur get ou set attendu [G:\repos\DarkMatrixSaver\src\MatrixScreensaver.ConfigEditor\MatrixScreensaver.ConfigEditor.csproj]
G:\repos\DarkMatrixSaver\src\MatrixScreensaver.ConfigEditor\MainWindow.xaml.cs(137,17): error CS1014: Accesseur get ou set attendu [G:\repos\DarkMatrixSaver\src\MatrixScreensaver.ConfigEditor\MatrixScreensaver.ConfigEditor.csproj]
G:\repos\DarkMatrixSaver\src\MatrixScreensaver.ConfigEditor\MainWindow.xaml.cs(137,31): error CS1014: Accesseur get ou set attendu [G:\repos\DarkMatrixSaver\src\MatrixScreensaver.ConfigEditor\MatrixScreensaver.ConfigEditor.csproj]
G:\repos\DarkMatrixSaver\src\MatrixScreensaver.ConfigEditor\MainWindow.xaml.cs(138,17): error CS1014: Accesseur get ou set attendu [G:\repos\DarkMatrixSaver\src\MatrixScreensaver.ConfigEditor\MatrixScreensaver.ConfigEditor.csproj]
G:\repos\DarkMatrixSaver\src\MatrixScreensaver.ConfigEditor\MainWindow.xaml.cs(138,27): error CS1014: Accesseur get ou set attendu [G:\repos\DarkMatrixSaver\src\MatrixScreensaver.ConfigEditor\MatrixScreensaver.ConfigEditor.csproj]
G:\repos\DarkMatrixSaver\src\MatrixScreensaver.ConfigEditor\MainWindow.xaml.cs(139,17): error CS1014: Accesseur get ou set attendu [G:\repos\DarkMatrixSaver\src\MatrixScreensaver.ConfigEditor\MatrixScreensaver.ConfigEditor.csproj]
G:\repos\DarkMatrixSaver\src\MatrixScreensaver.ConfigEditor\MainWindow.xaml.cs(139,33): error CS1014: Accesseur get ou set attendu [G:\repos\DarkMatrixSaver\src\MatrixScreensaver.ConfigEditor\MatrixScreensaver.ConfigEditor.csproj]
G:\repos\DarkMatrixSaver\src\MatrixScreensaver.ConfigEditor\MainWindow.xaml.cs(140,17): error CS1014: Accesseur get ou set attendu [G:\repos\DarkMatrixSaver\src\MatrixScreensaver.ConfigEditor\MatrixScreensaver.ConfigEditor.csproj]
G:\repos\DarkMatrixSaver\src\MatrixScreensaver.ConfigEditor\MainWindow.xaml.cs(140,21): error CS1014: Accesseur get ou set attendu [G:\repos\DarkMatrixSaver\src\MatrixScreensaver.ConfigEditor\MatrixScreensaver.ConfigEditor.csproj]
G:\repos\DarkMatrixSaver\src\MatrixScreensaver.ConfigEditor\MainWindow.xaml.cs(141,17): error CS1014: Accesseur get ou set attendu [G:\repos\DarkMatrixSaver\src\MatrixScreensaver.ConfigEditor\MatrixScreensaver.ConfigEditor.csproj]
G:\repos\DarkMatrixSaver\src\MatrixScreensaver.ConfigEditor\MainWindow.xaml.cs(141,26): error CS1014: Accesseur get ou set attendu [G:\repos\DarkMatrixSaver\src\MatrixScreensaver.ConfigEditor\MatrixScreensaver.ConfigEditor.csproj]
G:\repos\DarkMatrixSaver\src\MatrixScreensaver.ConfigEditor\MainWindow.xaml.cs(142,17): error CS1014: Accesseur get ou set attendu [G:\repos\DarkMatrixSaver\src\MatrixScreensaver.ConfigEditor\MatrixScreensaver.ConfigEditor.csproj]
G:\repos\DarkMatrixSaver\src\MatrixScreensaver.ConfigEditor\MainWindow.xaml.cs(142,23): error CS1014: Accesseur get ou set attendu [G:\repos\DarkMatrixSaver\src\MatrixScreensaver.ConfigEditor\MatrixScreensaver.ConfigEditor.csproj]
G:\repos\DarkMatrixSaver\src\MatrixScreensaver.ConfigEditor\MainWindow.xaml.cs(143,17): error CS1014: Accesseur get ou set attendu [G:\repos\DarkMatrixSaver\src\MatrixScreensaver.ConfigEditor\MatrixScreensaver.ConfigEditor.csproj]
G:\repos\DarkMatrixSaver\src\MatrixScreensaver.ConfigEditor\MainWindow.xaml.cs(143,27): error CS1014: Accesseur get ou set attendu [G:\repos\DarkMatrixSaver\src\MatrixScreensaver.ConfigEditor\MatrixScreensaver.ConfigEditor.csproj]
G:\repos\DarkMatrixSaver\src\MatrixScreensaver.ConfigEditor\MainWindow.xaml.cs(144,14): error CS1519: Jeton ┬½┬á,┬á┬╗ non valide dans une d├®claration de membre [G:\repos\DarkMatrixSaver\src\MatrixScreensaver.ConfigEditor\MatrixScreensaver.ConfigEditor.csproj]
G:\repos\DarkMatrixSaver\src\MatrixScreensaver.ConfigEditor\MainWindow.xaml.cs(145,21): error CS1519: Jeton ┬½┬á=┬á┬╗ non valide dans une d├®claration de membre [G:\repos\DarkMatrixSaver\src\MatrixScreensaver.ConfigEditor\MatrixScreensaver.ConfigEditor.csproj]
G:\repos\DarkMatrixSaver\src\MatrixScreensaver.ConfigEditor\MainWindow.xaml.cs(145,41): error CS1001: Identificateur attendu [G:\repos\DarkMatrixSaver\src\MatrixScreensaver.ConfigEditor\MatrixScreensaver.ConfigEditor.csproj]
G:\repos\DarkMatrixSaver\src\MatrixScreensaver.ConfigEditor\MainWindow.xaml.cs(145,43): error CS1014: Accesseur get ou set attendu [G:\repos\DarkMatrixSaver\src\MatrixScreensaver.ConfigEditor\MatrixScreensaver.ConfigEditor.csproj]
G:\repos\DarkMatrixSaver\src\MatrixScreensaver.ConfigEditor\MainWindow.xaml.cs(145,55): error CS1014: Accesseur get ou set attendu [G:\repos\DarkMatrixSaver\src\MatrixScreensaver.ConfigEditor\MatrixScreensaver.ConfigEditor.csproj]
G:\repos\DarkMatrixSaver\src\MatrixScreensaver.ConfigEditor\MainWindow.xaml.cs(145,63): error CS1014: Accesseur get ou set attendu [G:\repos\DarkMatrixSaver\src\MatrixScreensaver.ConfigEditor\MatrixScreensaver.ConfigEditor.csproj]
G:\repos\DarkMatrixSaver\src\MatrixScreensaver.ConfigEditor\MainWindow.xaml.cs(145,79): error CS1014: Accesseur get ou set attendu [G:\repos\DarkMatrixSaver\src\MatrixScreensaver.ConfigEditor\MatrixScreensaver.ConfigEditor.csproj]
G:\repos\DarkMatrixSaver\src\MatrixScreensaver.ConfigEditor\MainWindow.xaml.cs(145,87): error CS1014: Accesseur get ou set attendu [G:\repos\DarkMatrixSaver\src\MatrixScreensaver.ConfigEditor\MatrixScreensaver.ConfigEditor.csproj]
G:\repos\DarkMatrixSaver\src\MatrixScreensaver.ConfigEditor\MainWindow.xaml.cs(145,98): error CS1014: Accesseur get ou set attendu [G:\repos\DarkMatrixSaver\src\MatrixScreensaver.ConfigEditor\MatrixScreensaver.ConfigEditor.csproj]
G:\repos\DarkMatrixSaver\src\MatrixScreensaver.ConfigEditor\MainWindow.xaml.cs(148,35): error CS1001: Identificateur attendu [G:\repos\DarkMatrixSaver\src\MatrixScreensaver.ConfigEditor\MatrixScreensaver.ConfigEditor.csproj]
G:\repos\DarkMatrixSaver\src\MatrixScreensaver.ConfigEditor\MainWindow.xaml.cs(149,17): error CS0116: Un espace de noms ne peut pas contenir directement des membres tels que des champs, des m├®thodes ou des instructions [G:\repos\DarkMatrixSaver\src\MatrixScreensaver.ConfigEditor\MatrixScreensaver.ConfigEditor.csproj]
G:\repos\DarkMatrixSaver\src\MatrixScreensaver.ConfigEditor\MainWindow.xaml.cs(149,22): error CS1022: D├®finition de type ou d'espace de noms, ou fin de fichier attendue [G:\repos\DarkMatrixSaver\src\MatrixScreensaver.ConfigEditor\MatrixScreensaver.ConfigEditor.csproj]
G:\repos\DarkMatrixSaver\src\MatrixScreensaver.ConfigEditor\MainWindow.xaml.cs(149,39): error CS0116: Un espace de noms ne peut pas contenir directement des membres tels que des champs, des m├®thodes ou des instructions [G:\repos\DarkMatrixSaver\src\MatrixScreensaver.ConfigEditor\MatrixScreensaver.ConfigEditor.csproj]
G:\repos\DarkMatrixSaver\src\MatrixScreensaver.ConfigEditor\MainWindow.xaml.cs(149,64): error CS0116: Un espace de noms ne peut pas contenir directement des membres tels que des champs, des m├®thodes ou des instructions [G:\repos\DarkMatrixSaver\src\MatrixScreensaver.ConfigEditor\MatrixScreensaver.ConfigEditor.csproj]
G:\repos\DarkMatrixSaver\src\MatrixScreensaver.ConfigEditor\MainWindow.xaml.cs(149,65): error CS1022: D├®finition de type ou d'espace de noms, ou fin de fichier attendue [G:\repos\DarkMatrixSaver\src\MatrixScreensaver.ConfigEditor\MatrixScreensaver.ConfigEditor.csproj]
G:\repos\DarkMatrixSaver\src\MatrixScreensaver.ConfigEditor\MainWindow.xaml.cs(150,5): error CS1022: D├®finition de type ou d'espace de noms, ou fin de fichier attendue [G:\repos\DarkMatrixSaver\src\MatrixScreensaver.ConfigEditor\MatrixScreensaver.ConfigEditor.csproj]
G:\repos\DarkMatrixSaver\src\MatrixScreensaver.ConfigEditor\MainWindow.xaml.cs(152,5): error CS8803: Les instructions de niveau sup├®rieur doivent pr├®c├®der les d├®clarations d'espace de noms et de type. [G:\repos\DarkMatrixSaver\src\MatrixScreensaver.ConfigEditor\MatrixScreensaver.ConfigEditor.csproj]
G:\repos\DarkMatrixSaver\src\MatrixScreensaver.ConfigEditor\MainWindow.xaml.cs(152,5): error CS0106: Le modificateur 'private' 'n'est pas valide pour cet ├®l├®ment [G:\repos\DarkMatrixSaver\src\MatrixScreensaver.ConfigEditor\MatrixScreensaver.ConfigEditor.csproj]
G:\repos\DarkMatrixSaver\src\MatrixScreensaver.ConfigEditor\MainWindow.xaml.cs(154,5): error CS0106: Le modificateur 'private' 'n'est pas valide pour cet ├®l├®ment [G:\repos\DarkMatrixSaver\src\MatrixScreensaver.ConfigEditor\MatrixScreensaver.ConfigEditor.csproj]
G:\repos\DarkMatrixSaver\src\MatrixScreensaver.ConfigEditor\MainWindow.xaml.cs(156,5): error CS0106: Le modificateur 'private' 'n'est pas valide pour cet ├®l├®ment [G:\repos\DarkMatrixSaver\src\MatrixScreensaver.ConfigEditor\MatrixScreensaver.ConfigEditor.csproj]
G:\repos\DarkMatrixSaver\src\MatrixScreensaver.ConfigEditor\MainWindow.xaml.cs(169,5): error CS0106: Le modificateur 'private' 'n'est pas valide pour cet ├®l├®ment [G:\repos\DarkMatrixSaver\src\MatrixScreensaver.ConfigEditor\MatrixScreensaver.ConfigEditor.csproj]
G:\repos\DarkMatrixSaver\src\MatrixScreensaver.ConfigEditor\MainWindow.xaml.cs(184,5): error CS0106: Le modificateur 'private' 'n'est pas valide pour cet ├®l├®ment [G:\repos\DarkMatrixSaver\src\MatrixScreensaver.ConfigEditor\MatrixScreensaver.ConfigEditor.csproj]
G:\repos\DarkMatrixSaver\src\MatrixScreensaver.ConfigEditor\MainWindow.xaml.cs(221,5): error CS0106: Le modificateur 'private' 'n'est pas valide pour cet ├®l├®ment [G:\repos\DarkMatrixSaver\src\MatrixScreensaver.ConfigEditor\MatrixScreensaver.ConfigEditor.csproj]
G:\repos\DarkMatrixSaver\src\MatrixScreensaver.ConfigEditor\MainWindow.xaml.cs(270,5): error CS0106: Le modificateur 'private' 'n'est pas valide pour cet ├®l├®ment [G:\repos\DarkMatrixSaver\src\MatrixScreensaver.ConfigEditor\MatrixScreensaver.ConfigEditor.csproj]
G:\repos\DarkMatrixSaver\src\MatrixScreensaver.ConfigEditor\MainWindow.xaml.cs(275,5): error CS0106: Le modificateur 'private' 'n'est pas valide pour cet ├®l├®ment [G:\repos\DarkMatrixSaver\src\MatrixScreensaver.ConfigEditor\MatrixScreensaver.ConfigEditor.csproj]
G:\repos\DarkMatrixSaver\src\MatrixScreensaver.ConfigEditor\MainWindow.xaml.cs(279,1): error CS1022: D├®finition de type ou d'espace de noms, ou fin de fichier attendue [G:\repos\DarkMatrixSaver\src\MatrixScreensaver.ConfigEditor\MatrixScreensaver.ConfigEditor.csproj]

├ëCHEC de la build.
    0 Avertissement(s)
    68 Erreur(s)

Temps ├®coul├® 00:00:01.17
